Archive member included to satisfy reference by file (symbol)

c:/develop/gcc-arm-none-eabi-7-2017-q4-major-win32/bin/../lib/gcc/arm-none-eabi/7.2.1/../../../../arm-none-eabi/lib/thumb/v7-m\libc.a(lib_a-exit.o)
                              c:/develop/gcc-arm-none-eabi-7-2017-q4-major-win32/bin/../lib/gcc/arm-none-eabi/7.2.1/../../../../arm-none-eabi/lib/thumb/v7-m/rdimon-crt0.o (exit)
c:/develop/gcc-arm-none-eabi-7-2017-q4-major-win32/bin/../lib/gcc/arm-none-eabi/7.2.1/../../../../arm-none-eabi/lib/thumb/v7-m\libc.a(lib_a-impure.o)
                              c:/develop/gcc-arm-none-eabi-7-2017-q4-major-win32/bin/../lib/gcc/arm-none-eabi/7.2.1/../../../../arm-none-eabi/lib/thumb/v7-m\libc.a(lib_a-exit.o) (_global_impure_ptr)
c:/develop/gcc-arm-none-eabi-7-2017-q4-major-win32/bin/../lib/gcc/arm-none-eabi/7.2.1/../../../../arm-none-eabi/lib/thumb/v7-m\libc.a(lib_a-init.o)
                              c:/develop/gcc-arm-none-eabi-7-2017-q4-major-win32/bin/../lib/gcc/arm-none-eabi/7.2.1/../../../../arm-none-eabi/lib/thumb/v7-m/rdimon-crt0.o (__libc_init_array)
c:/develop/gcc-arm-none-eabi-7-2017-q4-major-win32/bin/../lib/gcc/arm-none-eabi/7.2.1/../../../../arm-none-eabi/lib/thumb/v7-m\libc.a(lib_a-memset.o)
                              c:/develop/gcc-arm-none-eabi-7-2017-q4-major-win32/bin/../lib/gcc/arm-none-eabi/7.2.1/../../../../arm-none-eabi/lib/thumb/v7-m/rdimon-crt0.o (memset)
c:/develop/gcc-arm-none-eabi-7-2017-q4-major-win32/bin/../lib/gcc/arm-none-eabi/7.2.1/../../../../arm-none-eabi/lib/thumb/v7-m\libc.a(lib_a-__call_atexit.o)
                              c:/develop/gcc-arm-none-eabi-7-2017-q4-major-win32/bin/../lib/gcc/arm-none-eabi/7.2.1/../../../../arm-none-eabi/lib/thumb/v7-m\libc.a(lib_a-exit.o) (__call_exitprocs)
c:/develop/gcc-arm-none-eabi-7-2017-q4-major-win32/bin/../lib/gcc/arm-none-eabi/7.2.1/../../../../arm-none-eabi/lib/thumb/v7-m\libc.a(lib_a-atexit.o)
                              c:/develop/gcc-arm-none-eabi-7-2017-q4-major-win32/bin/../lib/gcc/arm-none-eabi/7.2.1/../../../../arm-none-eabi/lib/thumb/v7-m\libc.a(lib_a-__call_atexit.o) (atexit)
c:/develop/gcc-arm-none-eabi-7-2017-q4-major-win32/bin/../lib/gcc/arm-none-eabi/7.2.1/../../../../arm-none-eabi/lib/thumb/v7-m\libc.a(lib_a-fini.o)
                              c:/develop/gcc-arm-none-eabi-7-2017-q4-major-win32/bin/../lib/gcc/arm-none-eabi/7.2.1/../../../../arm-none-eabi/lib/thumb/v7-m\libc.a(lib_a-__call_atexit.o) (__libc_fini_array)
c:/develop/gcc-arm-none-eabi-7-2017-q4-major-win32/bin/../lib/gcc/arm-none-eabi/7.2.1/../../../../arm-none-eabi/lib/thumb/v7-m\libc.a(lib_a-lock.o)
                              c:/develop/gcc-arm-none-eabi-7-2017-q4-major-win32/bin/../lib/gcc/arm-none-eabi/7.2.1/../../../../arm-none-eabi/lib/thumb/v7-m\libc.a(lib_a-__call_atexit.o) (__retarget_lock_acquire_recursive)
c:/develop/gcc-arm-none-eabi-7-2017-q4-major-win32/bin/../lib/gcc/arm-none-eabi/7.2.1/../../../../arm-none-eabi/lib/thumb/v7-m\libc.a(lib_a-__atexit.o)
                              c:/develop/gcc-arm-none-eabi-7-2017-q4-major-win32/bin/../lib/gcc/arm-none-eabi/7.2.1/../../../../arm-none-eabi/lib/thumb/v7-m\libc.a(lib_a-atexit.o) (__register_exitproc)
c:/develop/gcc-arm-none-eabi-7-2017-q4-major-win32/bin/../lib/gcc/arm-none-eabi/7.2.1/../../../../arm-none-eabi/lib/thumb/v7-m\librdimon.a(rdimon-syscalls.o)
                              c:/develop/gcc-arm-none-eabi-7-2017-q4-major-win32/bin/../lib/gcc/arm-none-eabi/7.2.1/../../../../arm-none-eabi/lib/thumb/v7-m/rdimon-crt0.o (initialise_monitor_handles)
c:/develop/gcc-arm-none-eabi-7-2017-q4-major-win32/bin/../lib/gcc/arm-none-eabi/7.2.1/../../../../arm-none-eabi/lib/thumb/v7-m\librdimon.a(rdimon-_exit.o)
                              c:/develop/gcc-arm-none-eabi-7-2017-q4-major-win32/bin/../lib/gcc/arm-none-eabi/7.2.1/../../../../arm-none-eabi/lib/thumb/v7-m\libc.a(lib_a-exit.o) (_exit)
c:/develop/gcc-arm-none-eabi-7-2017-q4-major-win32/bin/../lib/gcc/arm-none-eabi/7.2.1/../../../../arm-none-eabi/lib/thumb/v7-m\librdimon.a(rdimon-_kill.o)
                              c:/develop/gcc-arm-none-eabi-7-2017-q4-major-win32/bin/../lib/gcc/arm-none-eabi/7.2.1/../../../../arm-none-eabi/lib/thumb/v7-m\librdimon.a(rdimon-_exit.o) (_kill)
c:/develop/gcc-arm-none-eabi-7-2017-q4-major-win32/bin/../lib/gcc/arm-none-eabi/7.2.1/../../../../arm-none-eabi/lib/thumb/v7-m\libc.a(lib_a-errno.o)
                              c:/develop/gcc-arm-none-eabi-7-2017-q4-major-win32/bin/../lib/gcc/arm-none-eabi/7.2.1/../../../../arm-none-eabi/lib/thumb/v7-m\librdimon.a(rdimon-syscalls.o) (__errno)
c:/develop/gcc-arm-none-eabi-7-2017-q4-major-win32/bin/../lib/gcc/arm-none-eabi/7.2.1/../../../../arm-none-eabi/lib/thumb/v7-m\libc.a(lib_a-findfp.o)
                              c:/develop/gcc-arm-none-eabi-7-2017-q4-major-win32/bin/../lib/gcc/arm-none-eabi/7.2.1/../../../../arm-none-eabi/lib/thumb/v7-m\librdimon.a(rdimon-syscalls.o) (__sinit)
[...]
Memory Configuration

Name             Origin             Length             Attributes
RAM              0x20000000         0x00030000         xrw
CCMRAM           0x10000000         0x00010000         rw
FLASH            0x08000000         0x00200000         xr
*default*        0x00000000         0xffffffff

Linker script and memory map

LOAD c:/develop/gcc-arm-none-eabi-7-2017-q4-major-win32/bin/../lib/gcc/arm-none-eabi/7.2.1/thumb/v7-m/crti.o
LOAD c:/develop/gcc-arm-none-eabi-7-2017-q4-major-win32/bin/../lib/gcc/arm-none-eabi/7.2.1/thumb/v7-m/crtbegin.o
LOAD c:/develop/gcc-arm-none-eabi-7-2017-q4-major-win32/bin/../lib/gcc/arm-none-eabi/7.2.1/../../../../arm-none-eabi/lib/thumb/v7-m/rdimon-crt0.o
START GROUP
LOAD c:/develop/gcc-arm-none-eabi-7-2017-q4-major-win32/bin/../lib/gcc/arm-none-eabi/7.2.1/thumb/v7-m\libgcc.a
LOAD c:/develop/gcc-arm-none-eabi-7-2017-q4-major-win32/bin/../lib/gcc/arm-none-eabi/7.2.1/../../../../arm-none-eabi/lib/thumb/v7-m\libc.a
LOAD c:/develop/gcc-arm-none-eabi-7-2017-q4-major-win32/bin/../lib/gcc/arm-none-eabi/7.2.1/../../../../arm-none-eabi/lib/thumb/v7-m\librdimon.a
END GROUP
LOAD Cube\Cube.o
LOAD Cube\CubeHandler.o
LOAD Demo\demo.o
LOAD Drivers\Controller\nes.o
LOAD Drivers\SPI\SPI1-Cubehandler.o
LOAD Drivers\STM32F4xx_StdPeriph_Driver\src\misc.o
LOAD Drivers\STM32F4xx_StdPeriph_Driver\src\stm32f4xx_adc.o
LOAD Drivers\STM32F4xx_StdPeriph_Driver\src\stm32f4xx_can.o
LOAD Drivers\STM32F4xx_StdPeriph_Driver\src\stm32f4xx_cec.o
LOAD Drivers\STM32F4xx_StdPeriph_Driver\src\stm32f4xx_crc.o
LOAD Drivers\STM32F4xx_StdPeriph_Driver\src\stm32f4xx_cryp.o
LOAD Drivers\STM32F4xx_StdPeriph_Driver\src\stm32f4xx_cryp_aes.o
LOAD Drivers\STM32F4xx_StdPeriph_Driver\src\stm32f4xx_cryp_des.o
LOAD Drivers\STM32F4xx_StdPeriph_Driver\src\stm32f4xx_cryp_tdes.o
LOAD Drivers\STM32F4xx_StdPeriph_Driver\src\stm32f4xx_dac.o
LOAD Drivers\STM32F4xx_StdPeriph_Driver\src\stm32f4xx_dbgmcu.o
LOAD Drivers\STM32F4xx_StdPeriph_Driver\src\stm32f4xx_dcmi.o
LOAD Drivers\STM32F4xx_StdPeriph_Driver\src\stm32f4xx_dfsdm.o
LOAD Drivers\STM32F4xx_StdPeriph_Driver\src\stm32f4xx_dma.o
LOAD Drivers\STM32F4xx_StdPeriph_Driver\src\stm32f4xx_dma2d.o
LOAD Drivers\STM32F4xx_StdPeriph_Driver\src\stm32f4xx_dsi.o
LOAD Drivers\STM32F4xx_StdPeriph_Driver\src\stm32f4xx_exti.o
LOAD Drivers\STM32F4xx_StdPeriph_Driver\src\stm32f4xx_flash.o
LOAD Drivers\STM32F4xx_StdPeriph_Driver\src\stm32f4xx_flash_ramfunc.o
LOAD Drivers\STM32F4xx_StdPeriph_Driver\src\stm32f4xx_fmc.o
LOAD Drivers\STM32F4xx_StdPeriph_Driver\src\stm32f4xx_fmpi2c.o
LOAD Drivers\STM32F4xx_StdPeriph_Driver\src\stm32f4xx_gpio.o
LOAD Drivers\STM32F4xx_StdPeriph_Driver\src\stm32f4xx_hash.o
LOAD Drivers\STM32F4xx_StdPeriph_Driver\src\stm32f4xx_hash_md5.o
LOAD Drivers\STM32F4xx_StdPeriph_Driver\src\stm32f4xx_hash_sha1.o
LOAD Drivers\STM32F4xx_StdPeriph_Driver\src\stm32f4xx_i2c.o
LOAD Drivers\STM32F4xx_StdPeriph_Driver\src\stm32f4xx_iwdg.o
LOAD Drivers\STM32F4xx_StdPeriph_Driver\src\stm32f4xx_lptim.o
LOAD Drivers\STM32F4xx_StdPeriph_Driver\src\stm32f4xx_ltdc.o
LOAD Drivers\STM32F4xx_StdPeriph_Driver\src\stm32f4xx_pwr.o
LOAD Drivers\STM32F4xx_StdPeriph_Driver\src\stm32f4xx_qspi.o
LOAD Drivers\STM32F4xx_StdPeriph_Driver\src\stm32f4xx_rcc.o
LOAD Drivers\STM32F4xx_StdPeriph_Driver\src\stm32f4xx_rng.o
LOAD Drivers\STM32F4xx_StdPeriph_Driver\src\stm32f4xx_rtc.o
LOAD Drivers\STM32F4xx_StdPeriph_Driver\src\stm32f4xx_sai.o
LOAD Drivers\STM32F4xx_StdPeriph_Driver\src\stm32f4xx_sdio.o
LOAD Drivers\STM32F4xx_StdPeriph_Driver\src\stm32f4xx_spdifrx.o
LOAD Drivers\STM32F4xx_StdPeriph_Driver\src\stm32f4xx_spi.o
LOAD Drivers\STM32F4xx_StdPeriph_Driver\src\stm32f4xx_syscfg.o
LOAD Drivers\STM32F4xx_StdPeriph_Driver\src\stm32f4xx_tim.o
LOAD Drivers\STM32F4xx_StdPeriph_Driver\src\stm32f4xx_usart.o
LOAD Drivers\STM32F4xx_StdPeriph_Driver\src\stm32f4xx_wwdg.o
LOAD Snake\Snake.o
LOAD Src\main.o
LOAD Src\stm32f4xx_it.o
LOAD Src\system_stm32f4xx.o
LOAD Startup\startup_stm32f429xx.o
LOAD StateMachine\StateMachine.o
LOAD Utils\delay.o
LOAD c:/develop/gcc-arm-none-eabi-7-2017-q4-major-win32/bin/../lib/gcc/arm-none-eabi/7.2.1/../../../../arm-none-eabi/lib/thumb/v7-m\libstdc++.a
LOAD c:/develop/gcc-arm-none-eabi-7-2017-q4-major-win32/bin/../lib/gcc/arm-none-eabi/7.2.1/../../../../arm-none-eabi/lib/thumb/v7-m\libm.a
LOAD c:/develop/gcc-arm-none-eabi-7-2017-q4-major-win32/bin/../lib/gcc/arm-none-eabi/7.2.1/../../../../arm-none-eabi/lib/thumb/v7-m\libc.a
START GROUP
LOAD c:/develop/gcc-arm-none-eabi-7-2017-q4-major-win32/bin/../lib/gcc/arm-none-eabi/7.2.1/thumb/v7-m\libgcc.a
LOAD c:/develop/gcc-arm-none-eabi-7-2017-q4-major-win32/bin/../lib/gcc/arm-none-eabi/7.2.1/../../../../arm-none-eabi/lib/thumb/v7-m\libg.a
LOAD c:/develop/gcc-arm-none-eabi-7-2017-q4-major-win32/bin/../lib/gcc/arm-none-eabi/7.2.1/../../../../arm-none-eabi/lib/thumb/v7-m\libc.a
END GROUP
START GROUP
LOAD c:/develop/gcc-arm-none-eabi-7-2017-q4-major-win32/bin/../lib/gcc/arm-none-eabi/7.2.1/thumb/v7-m\libgcc.a
LOAD c:/develop/gcc-arm-none-eabi-7-2017-q4-major-win32/bin/../lib/gcc/arm-none-eabi/7.2.1/../../../../arm-none-eabi/lib/thumb/v7-m\libc.a
LOAD c:/develop/gcc-arm-none-eabi-7-2017-q4-major-win32/bin/../lib/gcc/arm-none-eabi/7.2.1/../../../../arm-none-eabi/lib/thumb/v7-m\librdimon.a
END GROUP
LOAD c:/develop/gcc-arm-none-eabi-7-2017-q4-major-win32/bin/../lib/gcc/arm-none-eabi/7.2.1/thumb/v7-m/crtend.o
LOAD c:/develop/gcc-arm-none-eabi-7-2017-q4-major-win32/bin/../lib/gcc/arm-none-eabi/7.2.1/thumb/v7-m/crtn.o
                0x20030000                _estack = 0x20030000
                0x00000200                _Min_Heap_Size = 0x200
                0x00000400                _Min_Stack_Size = 0x400

.isr_vector     0x08000000      0x1ac
                0x08000000                . = ALIGN (0x4)
 *(.isr_vector)
 .isr_vector    0x08000000      0x1ac Startup\startup_stm32f429xx.o
                0x08000000                g_pfnVectors
                0x080001ac                . = ALIGN (0x4)

.text           0x080001ac     0x379c
                0x080001ac                . = ALIGN (0x4)
 *(.text)
 .text          0x080001ac       0x40 c:/develop/gcc-arm-none-eabi-7-2017-q4-major-win32/bin/../lib/gcc/arm-none-eabi/7.2.1/thumb/v7-m/crtbegin.o
 .text          0x080001ec       0xec c:/develop/gcc-arm-none-eabi-7-2017-q4-major-win32/bin/../lib/gcc/arm-none-eabi/7.2.1/../../../../arm-none-eabi/lib/thumb/v7-m\libc.a(lib_a-memcpy.o)
                0x080001ec                memcpy
 .text          0x080002d8      0x378 c:/develop/gcc-arm-none-eabi-7-2017-q4-major-win32/bin/../lib/gcc/arm-none-eabi/7.2.1/thumb/v7-m\libgcc.a(_arm_addsubdf3.o)
                0x080002d8                __aeabi_drsub
                0x080002e0                __aeabi_dsub
                0x080002e0                __subdf3
                0x080002e4                __aeabi_dadd
                0x080002e4                __adddf3
                0x0800055c                __floatunsidf
                0x0800055c                __aeabi_ui2d
                0x0800057c                __floatsidf
                0x0800057c                __aeabi_i2d
                0x080005a0                __aeabi_f2d
                0x080005a0                __extendsfdf2
                0x080005e4                __floatundidf
                0x080005e4                __aeabi_ul2d
                0x080005f4                __floatdidf
                0x080005f4                __aeabi_l2d
 .text          0x08000650       0x40 c:/develop/gcc-arm-none-eabi-7-2017-q4-major-win32/bin/../lib/gcc/arm-none-eabi/7.2.1/thumb/v7-m\libgcc.a(_arm_fixunsdfsi.o)
                0x08000650                __aeabi_d2uiz
                0x08000650                __fixunsdfsi
 .text          0x08000690      0x21c c:/develop/gcc-arm-none-eabi-7-2017-q4-major-win32/bin/../lib/gcc/arm-none-eabi/7.2.1/thumb/v7-m\libgcc.a(_arm_addsubsf3.o)
                0x08000690                __aeabi_frsub
                0x08000698                __subsf3
                0x08000698                __aeabi_fsub
                0x0800069c                __aeabi_fadd
                0x0800069c                __addsf3
                0x080007fc                __aeabi_ui2f
                0x080007fc                __floatunsisf
                0x08000804                __aeabi_i2f
                0x08000804                __floatsisf
                0x08000820                __aeabi_ul2f
                0x08000820                __floatundisf
                0x08000830                __aeabi_l2f
                0x08000830                __floatdisf
 .text          0x080008ac      0x2a0 c:/develop/gcc-arm-none-eabi-7-2017-q4-major-win32/bin/../lib/gcc/arm-none-eabi/7.2.1/thumb/v7-m\libgcc.a(_arm_muldivsf3.o)
                0x080008ac                __mulsf3
                0x080008ac                __aeabi_fmul
                0x08000a14                __aeabi_fdiv
                0x08000a14                __divsf3
 .text          0x08000b4c       0xec c:/develop/gcc-arm-none-eabi-7-2017-q4-major-win32/bin/../lib/gcc/arm-none-eabi/7.2.1/thumb/v7-m\libgcc.a(_arm_cmpsf2.o)
                0x08000b4c                __gesf2
                0x08000b4c                __gtsf2
                0x08000b54                __lesf2
                0x08000b54                __ltsf2
                0x08000b5c                __nesf2
                0x08000b5c                __eqsf2
                0x08000b5c                __cmpsf2
                0x08000bbc                __aeabi_cfrcmple
                0x08000bc4                __aeabi_cfcmpeq
                0x08000bc4                __aeabi_cfcmple
                0x08000bd4                __aeabi_fcmpeq
                0x08000be8                __aeabi_fcmplt
                0x08000bfc                __aeabi_fcmple
                0x08000c10                __aeabi_fcmpge
                0x08000c24                __aeabi_fcmpgt
 *(.text*)
 .text.__libc_init_array
                0x08000c38       0x48 c:/develop/gcc-arm-none-eabi-7-2017-q4-major-win32/bin/../lib/gcc/arm-none-eabi/7.2.1/../../../../arm-none-eabi/lib/thumb/v7-m\libc.a(lib_a-init.o)
                0x08000c38                __libc_init_array
 .text.startup.register_fini
                0x08000c80       0x14 c:/develop/gcc-arm-none-eabi-7-2017-q4-major-win32/bin/../lib/gcc/arm-none-eabi/7.2.1/../../../../arm-none-eabi/lib/thumb/v7-m\libc.a(lib_a-__call_atexit.o)
 .text.atexit   0x08000c94        0xc c:/develop/gcc-arm-none-eabi-7-2017-q4-major-win32/bin/../lib/gcc/arm-none-eabi/7.2.1/../../../../arm-none-eabi/lib/thumb/v7-m\libc.a(lib_a-atexit.o)
                0x08000c94                atexit
 .text.__libc_fini_array
                0x08000ca0       0x34 c:/develop/gcc-arm-none-eabi-7-2017-q4-major-win32/bin/../lib/gcc/arm-none-eabi/7.2.1/../../../../arm-none-eabi/lib/thumb/v7-m\libc.a(lib_a-fini.o)
                0x08000ca0                __libc_fini_array
 .text.__retarget_lock_acquire_recursive
                0x08000cd4        0x4 c:/develop/gcc-arm-none-eabi-7-2017-q4-major-win32/bin/../lib/gcc/arm-none-eabi/7.2.1/../../../../arm-none-eabi/lib/thumb/v7-m\libc.a(lib_a-lock.o)
                0x08000cd4                __retarget_lock_acquire_recursive
 .text.__retarget_lock_release_recursive
                0x08000cd8        0x4 c:/develop/gcc-arm-none-eabi-7-2017-q4-major-win32/bin/../lib/gcc/arm-none-eabi/7.2.1/../../../../arm-none-eabi/lib/thumb/v7-m\libc.a(lib_a-lock.o)
                0x08000cd8                __retarget_lock_release_recursive
 .text.__register_exitproc
                0x08000cdc       0xc0 c:/develop/gcc-arm-none-eabi-7-2017-q4-major-win32/bin/../lib/gcc/arm-none-eabi/7.2.1/../../../../arm-none-eabi/lib/thumb/v7-m\libc.a(lib_a-__atexit.o)
                0x08000cdc                __register_exitproc
 .text.DisplayController
                0x08000d9c      0x142 Cube\Cube.o
                0x08000d9c                DisplayController
 *fill*         0x08000ede        0x2 
 .text.SwitchBuffer
                0x08000ee0       0x70 Cube\Cube.o
                0x08000ee0                SwitchBuffer
 .text.Demo_Pulse
                0x08000f50       0xac Cube\Cube.o
                0x08000f50                Demo_Pulse
 .text.WritePixel
                0x08000ffc      0x218 Cube\Cube.o
                0x08000ffc                WritePixel
 .text.ClearBuffer
                0x08001214       0xb8 Cube\Cube.o
                0x08001214                ClearBuffer
 .text.CubeHandlerInit
                0x080012cc       0x10 Cube\CubeHandler.o
                0x080012cc                CubeHandlerInit
 .text.TIM7_InitCubeHandler
                0x080012dc       0x60 Cube\CubeHandler.o
                0x080012dc                TIM7_InitCubeHandler
 .text.CubeBufferWriteHandler
                0x0800133c      0x190 Cube\CubeHandler.o
                0x0800133c                CubeBufferWriteHandler
 .text.Demo_Run
                0x080014cc       0xc4 Demo\demo.o
                0x080014cc                Demo_Run
 .text.ControllerInit
                0x08001590       0x34 Drivers\Controller\nes.o
                0x08001590                ControllerInit
 .text.TIM6_InitControllerHandler
                0x080015c4       0x64 Drivers\Controller\nes.o
                0x080015c4                TIM6_InitControllerHandler
 .text.TIM13_InitBitRead
                0x08001628       0x60 Drivers\Controller\nes.o
                0x08001628                TIM13_InitBitRead
 .text.ControllerBitReadHandler
                0x08001688      0x120 Drivers\Controller\nes.o
                0x08001688                ControllerBitReadHandler
 .text.ControllerHandler
                0x080017a8       0x98 Drivers\Controller\nes.o
                0x080017a8                ControllerHandler
 .text.GetController
                0x08001840       0x28 Drivers\Controller\nes.o
                0x08001840                GetController
 .text.IsControllerConnected
                0x08001868       0x2c Drivers\Controller\nes.o
                0x08001868                IsControllerConnected
 .text.IsButtonPressed
                0x08001894       0xec Drivers\Controller\nes.o
                0x08001894                IsButtonPressed
 .text.GetLastPressedButton
                0x08001980       0x34 Drivers\Controller\nes.o
                0x08001980                GetLastPressedButton
 .text.GetLastPressedButtonWithoutClear
                0x080019b4       0x30 Drivers\Controller\nes.o
                0x080019b4                GetLastPressedButtonWithoutClear
 .text.LastPressedButtonClear
                0x080019e4       0x2c Drivers\Controller\nes.o
                0x080019e4                LastPressedButtonClear
 .text.ClearController
                0x08001a10       0xe0 Drivers\Controller\nes.o
                0x08001a10                ClearController
 .text.HandleControllerData
                0x08001af0      0x2f4 Drivers\Controller\nes.o
                0x08001af0                HandleControllerData
 .text.Gpio_Init_Controller
                0x08001de4       0x7c Drivers\Controller\nes.o
                0x08001de4                Gpio_Init_Controller
 .text.SPI4_IRQHandler
                0x08001e60       0x44 Drivers\Controller\nes.o
                0x08001e60                SPI4_IRQHandler
 .text.SPI1_CubeHandler_Config
                0x08001ea4       0xc8 Drivers\SPI\SPI1-Cubehandler.o
                0x08001ea4                SPI1_CubeHandler_Config
 .text.SPI1_Latch
                0x08001f6c       0x28 Drivers\SPI\SPI1-Cubehandler.o
                0x08001f6c                SPI1_Latch
 .text.NVIC_Init
                0x08001f94       0xc4 Drivers\STM32F4xx_StdPeriph_Driver\src\misc.o
                0x08001f94                NVIC_Init
 .text.GPIO_Init
                0x08002058      0x11a Drivers\STM32F4xx_StdPeriph_Driver\src\stm32f4xx_gpio.o
                0x08002058                GPIO_Init
 .text.GPIO_ReadInputDataBit
                0x08002172       0x32 Drivers\STM32F4xx_StdPeriph_Driver\src\stm32f4xx_gpio.o
                0x08002172                GPIO_ReadInputDataBit
 .text.GPIO_SetBits
                0x080021a4       0x1c Drivers\STM32F4xx_StdPeriph_Driver\src\stm32f4xx_gpio.o
                0x080021a4                GPIO_SetBits
 .text.GPIO_ResetBits
                0x080021c0       0x1c Drivers\STM32F4xx_StdPeriph_Driver\src\stm32f4xx_gpio.o
                0x080021c0                GPIO_ResetBits
 .text.GPIO_PinAFConfig
                0x080021dc       0x90 Drivers\STM32F4xx_StdPeriph_Driver\src\stm32f4xx_gpio.o
                0x080021dc                GPIO_PinAFConfig
 .text.RCC_AHB1PeriphClockCmd
                0x0800226c       0x3c Drivers\STM32F4xx_StdPeriph_Driver\src\stm32f4xx_rcc.o
                0x0800226c                RCC_AHB1PeriphClockCmd
 .text.RCC_APB1PeriphClockCmd
                0x080022a8       0x3c Drivers\STM32F4xx_StdPeriph_Driver\src\stm32f4xx_rcc.o
                0x080022a8                RCC_APB1PeriphClockCmd
 .text.RCC_APB2PeriphClockCmd
                0x080022e4       0x3c Drivers\STM32F4xx_StdPeriph_Driver\src\stm32f4xx_rcc.o
                0x080022e4                RCC_APB2PeriphClockCmd
 .text.SPI_Init
                0x08002320       0x86 Drivers\STM32F4xx_StdPeriph_Driver\src\stm32f4xx_spi.o
                0x08002320                SPI_Init
 .text.SPI_Cmd  0x080023a6       0x3e Drivers\STM32F4xx_StdPeriph_Driver\src\stm32f4xx_spi.o
                0x080023a6                SPI_Cmd
 .text.SPI_I2S_ReceiveData
                0x080023e4       0x18 Drivers\STM32F4xx_StdPeriph_Driver\src\stm32f4xx_spi.o
                0x080023e4                SPI_I2S_ReceiveData
 .text.SPI_I2S_SendData
                0x080023fc       0x1c Drivers\STM32F4xx_StdPeriph_Driver\src\stm32f4xx_spi.o
                0x080023fc                SPI_I2S_SendData
 .text.SPI_I2S_GetITStatus
                0x08002418       0x74 Drivers\STM32F4xx_StdPeriph_Driver\src\stm32f4xx_spi.o
                0x08002418                SPI_I2S_GetITStatus
 .text.SPI_I2S_ClearITPendingBit
                0x0800248c       0x32 Drivers\STM32F4xx_StdPeriph_Driver\src\stm32f4xx_spi.o
                0x0800248c                SPI_I2S_ClearITPendingBit
 *fill*         0x080024be        0x2 
 .text.TIM_TimeBaseInit
                0x080024c0       0xd4 Drivers\STM32F4xx_StdPeriph_Driver\src\stm32f4xx_tim.o
                0x080024c0                TIM_TimeBaseInit
 .text.TIM_Cmd  0x08002594       0x3e Drivers\STM32F4xx_StdPeriph_Driver\src\stm32f4xx_tim.o
                0x08002594                TIM_Cmd
 .text.TIM_ITConfig
                0x080025d2       0x46 Drivers\STM32F4xx_StdPeriph_Driver\src\stm32f4xx_tim.o
                0x080025d2                TIM_ITConfig
 .text.TIM_GetITStatus
                0x08002618       0x52 Drivers\STM32F4xx_StdPeriph_Driver\src\stm32f4xx_tim.o
                0x08002618                TIM_GetITStatus
 .text.TIM_ClearITPendingBit
                0x0800266a       0x20 Drivers\STM32F4xx_StdPeriph_Driver\src\stm32f4xx_tim.o
                0x0800266a                TIM_ClearITPendingBit
 *fill*         0x0800268a        0x2 
 .text.PopPush  0x0800268c      0x100 Snake\Snake.o
                0x0800268c                PopPush
 .text.DrawSnakes
                0x0800278c       0xd0 Snake\Snake.o
                0x0800278c                DrawSnakes
 .text.PlayersInit
                0x0800285c      0x1d8 Snake\Snake.o
                0x0800285c                PlayersInit
 .text.SnakeLogic
                0x08002a34      0x354 Snake\Snake.o
                0x08002a34                SnakeLogic
 .text.CheckCollisionWithWall
                0x08002d88       0xa4 Snake\Snake.o
                0x08002d88                CheckCollisionWithWall
 .text.CheckCollisionWithPlayers
                0x08002e2c      0x104 Snake\Snake.o
                0x08002e2c                CheckCollisionWithPlayers
 .text.CheckCollisionWithApple
                0x08002f30       0xe0 Snake\Snake.o
                0x08002f30                CheckCollisionWithApple
 .text.CreateApple
                0x08003010       0xd0 Snake\Snake.o
                0x08003010                CreateApple
 .text.ClearApples
                0x080030e0       0x34 Snake\Snake.o
                0x080030e0                ClearApples
 .text.DrawApples
                0x08003114       0xe8 Snake\Snake.o
                0x08003114                DrawApples
 .text.KillPlayer
                0x080031fc       0x30 Snake\Snake.o
                0x080031fc                KillPlayer
 .text.SnakeInit
                0x0800322c       0x20 Snake\Snake.o
                0x0800322c                SnakeInit
 .text.SnakeLoop
                0x0800324c       0xac Snake\Snake.o
                0x0800324c                SnakeLoop
 .text.NVIC_SetPriority
                0x080032f8       0x54 Src\main.o
 .text.SysTick_Config
                0x0800334c       0x44 Src\main.o
 .text.main     0x08003390       0xf8 Src\main.o
                0x08003390                main
 .text.SysTick_Handler
                0x08003488       0x30 Src\stm32f4xx_it.o
                0x08003488                SysTick_Handler
 .text.TIM7_IRQHandler
                0x080034b8       0x28 Src\stm32f4xx_it.o
                0x080034b8                TIM7_IRQHandler
 .text.TIM6_DAC_IRQHandler
                0x080034e0       0x28 Src\stm32f4xx_it.o
                0x080034e0                TIM6_DAC_IRQHandler
 .text.TIM8_UP_TIM13_IRQHandler
                0x08003508       0x28 Src\stm32f4xx_it.o
                0x08003508                TIM8_UP_TIM13_IRQHandler
 .text.NMI_Handler
                0x08003530        0xc Src\stm32f4xx_it.o
                0x08003530                NMI_Handler
 .text.HardFault_Handler
                0x0800353c        0x6 Src\stm32f4xx_it.o
                0x0800353c                HardFault_Handler
 .text.MemManage_Handler
                0x08003542        0x6 Src\stm32f4xx_it.o
                0x08003542                MemManage_Handler
 .text.BusFault_Handler
                0x08003548        0x6 Src\stm32f4xx_it.o
                0x08003548                BusFault_Handler
 .text.UsageFault_Handler
                0x0800354e        0x6 Src\stm32f4xx_it.o
                0x0800354e                UsageFault_Handler
 .text.SVC_Handler
                0x08003554        0xc Src\stm32f4xx_it.o
                0x08003554                SVC_Handler
 .text.DebugMon_Handler
                0x08003560        0xc Src\stm32f4xx_it.o
                0x08003560                DebugMon_Handler
 .text.PendSV_Handler
                0x0800356c        0xc Src\stm32f4xx_it.o
                0x0800356c                PendSV_Handler
 .text.SystemInit
                0x08003578       0x5c Src\system_stm32f4xx.o
                0x08003578                SystemInit
 .text.SetSysClock
                0x080035d4       0xf4 Src\system_stm32f4xx.o
 .text.Reset_Handler
                0x080036c8       0x50 Startup\startup_stm32f429xx.o
                0x080036c8                Reset_Handler
 .text.Default_Handler
                0x08003718        0x2 Startup\startup_stm32f429xx.o
                0x08003718                RTC_Alarm_IRQHandler
                0x08003718                HASH_RNG_IRQHandler
                0x08003718                EXTI2_IRQHandler
                0x08003718                TIM8_CC_IRQHandler
                0x08003718                UART8_IRQHandler
                0x08003718                TIM1_CC_IRQHandler
                0x08003718                DMA2_Stream5_IRQHandler
                0x08003718                DMA1_Stream5_IRQHandler
                0x08003718                PVD_IRQHandler
                0x08003718                SDIO_IRQHandler
                0x08003718                TAMP_STAMP_IRQHandler
                0x08003718                CAN2_RX1_IRQHandler
                0x08003718                EXTI3_IRQHandler
                0x08003718                TIM8_TRG_COM_TIM14_IRQHandler
                0x08003718                TIM1_UP_TIM10_IRQHandler
                0x08003718                I2C3_ER_IRQHandler
                0x08003718                EXTI0_IRQHandler
                0x08003718                I2C2_EV_IRQHandler
                0x08003718                DMA1_Stream2_IRQHandler
                0x08003718                CAN1_RX0_IRQHandler
                0x08003718                FPU_IRQHandler
                0x08003718                OTG_HS_WKUP_IRQHandler
                0x08003718                LTDC_ER_IRQHandler
                0x08003718                CAN2_SCE_IRQHandler
                0x08003718                DMA2_Stream2_IRQHandler
                0x08003718                SPI1_IRQHandler
                0x08003718                TIM1_BRK_TIM9_IRQHandler
                0x08003718                DCMI_IRQHandler
                0x08003718                CAN2_RX0_IRQHandler
                0x08003718                DMA2_Stream3_IRQHandler
                0x08003718                USART6_IRQHandler
                0x08003718                USART3_IRQHandler
                0x08003718                CAN1_RX1_IRQHandler
                0x08003718                UART5_IRQHandler
                0x08003718                DMA2_Stream0_IRQHandler
                0x08003718                TIM4_IRQHandler
                0x08003718                I2C1_EV_IRQHandler
                0x08003718                DMA1_Stream6_IRQHandler
                0x08003718                DMA1_Stream1_IRQHandler
                0x08003718                UART4_IRQHandler
                0x08003718                TIM3_IRQHandler
                0x08003718                RCC_IRQHandler
                0x08003718                TIM8_BRK_TIM12_IRQHandler
                0x08003718                Default_Handler
                0x08003718                EXTI15_10_IRQHandler
                0x08003718                ADC_IRQHandler
                0x08003718                DMA1_Stream7_IRQHandler
                0x08003718                SPI5_IRQHandler
                0x08003718                CAN2_TX_IRQHandler
                0x08003718                TIM5_IRQHandler
                0x08003718                DMA2_Stream7_IRQHandler
                0x08003718                I2C3_EV_IRQHandler
                0x08003718                EXTI9_5_IRQHandler
                0x08003718                RTC_WKUP_IRQHandler
                0x08003718                LTDC_IRQHandler
                0x08003718                ETH_WKUP_IRQHandler
                0x08003718                SPI2_IRQHandler
                0x08003718                OTG_HS_EP1_IN_IRQHandler
                0x08003718                DMA1_Stream0_IRQHandler
                0x08003718                CAN1_TX_IRQHandler
                0x08003718                EXTI4_IRQHandler
                0x08003718                ETH_IRQHandler
                0x08003718                OTG_HS_EP1_OUT_IRQHandler
                0x08003718                WWDG_IRQHandler
                0x08003718                SPI6_IRQHandler
                0x08003718                TIM2_IRQHandler
                0x08003718                OTG_FS_WKUP_IRQHandler
                0x08003718                TIM1_TRG_COM_TIM11_IRQHandler
                0x08003718                OTG_HS_IRQHandler
                0x08003718                DMA2D_IRQHandler
                0x08003718                EXTI1_IRQHandler
                0x08003718                UART7_IRQHandler
                0x08003718                USART2_IRQHandler
                0x08003718                I2C2_ER_IRQHandler
                0x08003718                DMA2_Stream1_IRQHandler
                0x08003718                CAN1_SCE_IRQHandler
                0x08003718                FLASH_IRQHandler
                0x08003718                DMA2_Stream4_IRQHandler
                0x08003718                USART1_IRQHandler
                0x08003718                OTG_FS_IRQHandler
                0x08003718                SPI3_IRQHandler
                0x08003718                DMA1_Stream4_IRQHandler
                0x08003718                I2C1_ER_IRQHandler
                0x08003718                FMC_IRQHandler
                0x08003718                DMA2_Stream6_IRQHandler
                0x08003718                SAI1_IRQHandler
                0x08003718                DMA1_Stream3_IRQHandler
 *fill*         0x0800371a        0x2 
 .text.State_StateMachineInit
                0x0800371c       0x18 StateMachine\StateMachine.o
                0x0800371c                State_StateMachineInit
 .text.State_Switch
                0x08003734       0x60 StateMachine\StateMachine.o
                0x08003734                State_Switch
 .text.State_GetCurrentState
                0x08003794       0x14 StateMachine\StateMachine.o
                0x08003794                State_GetCurrentState
 .text.State_Logic
                0x080037a8       0xe4 StateMachine\StateMachine.o
                0x080037a8                State_Logic
 .text.State_Execute
                0x0800388c       0x30 StateMachine\StateMachine.o
                0x0800388c                State_Execute
 .text.State_StateMachine
                0x080038bc       0x10 StateMachine\StateMachine.o
                0x080038bc                State_StateMachine
 .text.DelayInMs
                0x080038cc       0x28 Utils\delay.o
                0x080038cc                DelayInMs
 .text.rand     0x080038f4       0x3c c:/develop/gcc-arm-none-eabi-7-2017-q4-major-win32/bin/../lib/gcc/arm-none-eabi/7.2.1/../../../../arm-none-eabi/lib/thumb/v7-m\libc.a(lib_a-rand.o)
                0x080038f4                rand
 *(.glue_7)
 .glue_7        0x08003930        0x0 linker stubs
 *(.glue_7t)
 .glue_7t       0x08003930        0x0 linker stubs
 *(.eh_frame)
 .eh_frame      0x08003930        0x0 c:/develop/gcc-arm-none-eabi-7-2017-q4-major-win32/bin/../lib/gcc/arm-none-eabi/7.2.1/thumb/v7-m/crtbegin.o
 *(.init)
 .init          0x08003930        0x4 c:/develop/gcc-arm-none-eabi-7-2017-q4-major-win32/bin/../lib/gcc/arm-none-eabi/7.2.1/thumb/v7-m/crti.o
                0x08003930                _init
 .init          0x08003934        0x8 c:/develop/gcc-arm-none-eabi-7-2017-q4-major-win32/bin/../lib/gcc/arm-none-eabi/7.2.1/thumb/v7-m/crtn.o
 *(.fini)
 .fini          0x0800393c        0x4 c:/develop/gcc-arm-none-eabi-7-2017-q4-major-win32/bin/../lib/gcc/arm-none-eabi/7.2.1/thumb/v7-m/crti.o
                0x0800393c                _fini
 .fini          0x08003940        0x8 c:/develop/gcc-arm-none-eabi-7-2017-q4-major-win32/bin/../lib/gcc/arm-none-eabi/7.2.1/thumb/v7-m/crtn.o
                0x08003948                . = ALIGN (0x4)
                0x08003948                _etext = .

.vfp11_veneer   0x08003948        0x0
 .vfp11_veneer  0x08003948        0x0 linker stubs

.v4_bx          0x08003948        0x0
 .v4_bx         0x08003948        0x0 linker stubs

.iplt           0x08003948        0x0
 .iplt          0x08003948        0x0 c:/develop/gcc-arm-none-eabi-7-2017-q4-major-win32/bin/../lib/gcc/arm-none-eabi/7.2.1/thumb/v7-m/crtbegin.o

.rodata         0x08003948        0x4
                0x08003948                . = ALIGN (0x4)
 *(.rodata)
 *(.rodata*)
 .rodata._global_impure_ptr
                0x08003948        0x4 c:/develop/gcc-arm-none-eabi-7-2017-q4-major-win32/bin/../lib/gcc/arm-none-eabi/7.2.1/../../../../arm-none-eabi/lib/thumb/v7-m\libc.a(lib_a-impure.o)
                0x08003948                _global_impure_ptr
                0x0800394c                . = ALIGN (0x4)

.rel.dyn        0x0800394c        0x0
 .rel.iplt      0x0800394c        0x0 c:/develop/gcc-arm-none-eabi-7-2017-q4-major-win32/bin/../lib/gcc/arm-none-eabi/7.2.1/thumb/v7-m/crtbegin.o

.ARM.extab
 *(.ARM.extab* .gnu.linkonce.armextab.*)

.ARM            0x0800394c        0x0
                0x0800394c                __exidx_start = .
 *(.ARM.exidx*)
                0x0800394c                __exidx_end = .

.preinit_array  0x0800394c        0x0
                0x0800394c                PROVIDE (__preinit_array_start, .)
 *(.preinit_array*)
                0x0800394c                PROVIDE (__preinit_array_end, .)

.init_array     0x0800394c        0x8
                0x0800394c                PROVIDE (__init_array_start, .)
 *(SORT_BY_NAME(.init_array.*))
 .init_array.00000
                0x0800394c        0x4 c:/develop/gcc-arm-none-eabi-7-2017-q4-major-win32/bin/../lib/gcc/arm-none-eabi/7.2.1/../../../../arm-none-eabi/lib/thumb/v7-m\libc.a(lib_a-__call_atexit.o)
 *(.init_array*)
 .init_array    0x08003950        0x4 c:/develop/gcc-arm-none-eabi-7-2017-q4-major-win32/bin/../lib/gcc/arm-none-eabi/7.2.1/thumb/v7-m/crtbegin.o
                0x08003954                PROVIDE (__init_array_end, .)

.fini_array     0x08003954        0x4
                0x08003954                PROVIDE (__fini_array_start, .)
 *(SORT_BY_NAME(.fini_array.*))
 *(.fini_array*)
 .fini_array    0x08003954        0x4 c:/develop/gcc-arm-none-eabi-7-2017-q4-major-win32/bin/../lib/gcc/arm-none-eabi/7.2.1/thumb/v7-m/crtbegin.o
                0x08003958                PROVIDE (__fini_array_end, .)
                0x08003958                _sidata = LOADADDR (.data)

.data           0x20000000      0x46c load address 0x08003958
                0x20000000                . = ALIGN (0x4)
                0x20000000                _sdata = .
 *(.data)
 *(.data*)
 .data._impure_ptr
                0x20000000        0x4 c:/develop/gcc-arm-none-eabi-7-2017-q4-major-win32/bin/../lib/gcc/arm-none-eabi/7.2.1/../../../../arm-none-eabi/lib/thumb/v7-m\libc.a(lib_a-impure.o)
                0x20000000                _impure_ptr
 *fill*         0x20000004        0x4 
 .data.impure_data
                0x20000008      0x428 c:/develop/gcc-arm-none-eabi-7-2017-q4-major-win32/bin/../lib/gcc/arm-none-eabi/7.2.1/../../../../arm-none-eabi/lib/thumb/v7-m\libc.a(lib_a-impure.o)
 .data.__atexit_recursive_mutex
                0x20000430        0x4 c:/develop/gcc-arm-none-eabi-7-2017-q4-major-win32/bin/../lib/gcc/arm-none-eabi/7.2.1/../../../../arm-none-eabi/lib/thumb/v7-m\libc.a(lib_a-__call_atexit.o)
                0x20000430                __atexit_recursive_mutex
 .data.cycle.8019
                0x20000434        0x1 Cube\CubeHandler.o
 *fill*         0x20000435        0x3 
 .data.start    0x20000438       0x30 Snake\Snake.o
                0x20000438                start
 .data.SystemCoreClock
                0x20000468        0x4 Src\system_stm32f4xx.o
                0x20000468                SystemCoreClock
                0x2000046c                . = ALIGN (0x4)
                0x2000046c                _edata = .
                0x08003dc4                _siccmram = LOADADDR (.ccmram)

.igot.plt       0x2000046c        0x0 load address 0x08003dc4
 .igot.plt      0x2000046c        0x0 c:/develop/gcc-arm-none-eabi-7-2017-q4-major-win32/bin/../lib/gcc/arm-none-eabi/7.2.1/thumb/v7-m/crtbegin.o

.ccmram         0x10000000        0x0 load address 0x08003dc4
                0x10000000                . = ALIGN (0x4)
                0x10000000                _sccmram = .
 *(.ccmram)
 *(.ccmram*)
                0x10000000                . = ALIGN (0x4)
                0x10000000                _eccmram = .
                0x10000000                . = ALIGN (0x4)

.bss            0x2000046c     0x4a08
                0x2000046c                _sbss = .
                0x2000046c                __bss_start__ = _sbss
 *(.bss)
 .bss           0x2000046c       0x1c c:/develop/gcc-arm-none-eabi-7-2017-q4-major-win32/bin/../lib/gcc/arm-none-eabi/7.2.1/thumb/v7-m/crtbegin.o
 *(.bss*)
 .bss.direction.8496
                0x20000488        0x1 Cube\Cube.o
 .bss.brightness.8495
                0x20000489        0x1 Cube\Cube.o
 .bss.currentLayer.8021
                0x2000048a        0x1 Cube\CubeHandler.o
 .bss.DemoID    0x2000048b        0x1 Demo\demo.o
                0x2000048b                DemoID
 .bss.currentControllerRead
                0x2000048c        0x1 Drivers\Controller\nes.o
                0x2000048c                currentControllerRead
 .bss.state.8077
                0x2000048d        0x1 Drivers\Controller\nes.o
 .bss.bitPosition.8078
                0x2000048e        0x1 Drivers\Controller\nes.o
 .bss.readByte.8079
                0x2000048f        0x1 Drivers\Controller\nes.o
 .bss.tick      0x20000490        0x4 Src\stm32f4xx_it.o
                0x20000490                tick
 .bss.delayCounter
                0x20000494        0x4 Src\stm32f4xx_it.o
                0x20000494                delayCounter
 *(COMMON)
 COMMON         0x20000498       0x21 c:/develop/gcc-arm-none-eabi-7-2017-q4-major-win32/bin/../lib/gcc/arm-none-eabi/7.2.1/../../../../arm-none-eabi/lib/thumb/v7-m\libc.a(lib_a-lock.o)
                0x20000498                __lock___atexit_recursive_mutex
                0x2000049c                __lock___arc4random_mutex
                0x200004a0                __lock___env_recursive_mutex
                0x200004a4                __lock___sinit_recursive_mutex
                0x200004a8                __lock___malloc_recursive_mutex
                0x200004ac                __lock___at_quick_exit_mutex
                0x200004b0                __lock___dd_hash_mutex
                0x200004b4                __lock___tz_mutex
                0x200004b8                __lock___sfp_recursive_mutex
 *fill*         0x200004b9        0x3 
 COMMON         0x200004bc      0x78c Cube\Cube.o
                0x200004bc                settings
                0x200004c8                Buffer
 COMMON         0x20000c48     0x4070 Demo\demo.o
                0x20000c48                player
 COMMON         0x20004cb8       0x28 Drivers\Controller\nes.o
                0x20004cb8                controller
 COMMON         0x20004ce0      0x190 Snake\Snake.o
                0x20004ce0                apples
 COMMON         0x20004e70        0x1 StateMachine\StateMachine.o
                0x20004e70                stateMachine
                0x20004e74                . = ALIGN (0x4)
 *fill*         0x20004e71        0x3 
                0x20004e74                _ebss = .
                0x20004e74                __bss_end__ = _ebss

._user_heap_stack
                0x20004e74      0x600
                0x20004e74                . = ALIGN (0x4)
                0x20004e74                PROVIDE (end, .)
                [!provide]                PROVIDE (_end, .)
                0x20005074                . = (. + _Min_Heap_Size)
 *fill*         0x20004e74      0x200 
                0x20005474                . = (. + _Min_Stack_Size)
 *fill*         0x20005074      0x400 
                0x20005474                . = ALIGN (0x4)

/DISCARD/
 libc.a(*)
 libm.a(*)
 libgcc.a(*)

.ARM.attributes
                0x00000000       0x2f
 *(.ARM.attributes)
 .ARM.attributes
                0x00000000       0x1d c:/develop/gcc-arm-none-eabi-7-2017-q4-major-win32/bin/../lib/gcc/arm-none-eabi/7.2.1/thumb/v7-m/crti.o
 .ARM.attributes
                0x0000001d       0x2d c:/develop/gcc-arm-none-eabi-7-2017-q4-major-win32/bin/../lib/gcc/arm-none-eabi/7.2.1/thumb/v7-m/crtbegin.o
 .ARM.attributes
                0x0000004a       0x2d c:/develop/gcc-arm-none-eabi-7-2017-q4-major-win32/bin/../lib/gcc/arm-none-eabi/7.2.1/../../../../arm-none-eabi/lib/thumb/v7-m\libc.a(lib_a-impure.o)
 .ARM.attributes
                0x00000077       0x2d c:/develop/gcc-arm-none-eabi-7-2017-q4-major-win32/bin/../lib/gcc/arm-none-eabi/7.2.1/../../../../arm-none-eabi/lib/thumb/v7-m\libc.a(lib_a-init.o)
 .ARM.attributes
                0x000000a4       0x2d c:/develop/gcc-arm-none-eabi-7-2017-q4-major-win32/bin/../lib/gcc/arm-none-eabi/7.2.1/../../../../arm-none-eabi/lib/thumb/v7-m\libc.a(lib_a-__call_atexit.o)
 .ARM.attributes
                0x000000d1       0x2d c:/develop/gcc-arm-none-eabi-7-2017-q4-major-win32/bin/../lib/gcc/arm-none-eabi/7.2.1/../../../../arm-none-eabi/lib/thumb/v7-m\libc.a(lib_a-atexit.o)
 .ARM.attributes
                0x000000fe       0x2d c:/develop/gcc-arm-none-eabi-7-2017-q4-major-win32/bin/../lib/gcc/arm-none-eabi/7.2.1/../../../../arm-none-eabi/lib/thumb/v7-m\libc.a(lib_a-fini.o)
 .ARM.attributes
                0x0000012b       0x2d c:/develop/gcc-arm-none-eabi-7-2017-q4-major-win32/bin/../lib/gcc/arm-none-eabi/7.2.1/../../../../arm-none-eabi/lib/thumb/v7-m\libc.a(lib_a-lock.o)
 .ARM.attributes
                0x00000158       0x2d c:/develop/gcc-arm-none-eabi-7-2017-q4-major-win32/bin/../lib/gcc/arm-none-eabi/7.2.1/../../../../arm-none-eabi/lib/thumb/v7-m\libc.a(lib_a-__atexit.o)
 .ARM.attributes
                0x00000185       0x33 Cube\Cube.o
 .ARM.attributes
                0x000001b8       0x33 Cube\CubeHandler.o
 .ARM.attributes
                0x000001eb       0x33 Demo\demo.o
 .ARM.attributes
                0x0000021e       0x33 Drivers\Controller\nes.o
 .ARM.attributes
                0x00000251       0x33 Drivers\SPI\SPI1-Cubehandler.o
 .ARM.attributes
                0x00000284       0x33 Drivers\STM32F4xx_StdPeriph_Driver\src\misc.o
 .ARM.attributes
                0x000002b7       0x33 Drivers\STM32F4xx_StdPeriph_Driver\src\stm32f4xx_gpio.o
 .ARM.attributes
                0x000002ea       0x33 Drivers\STM32F4xx_StdPeriph_Driver\src\stm32f4xx_rcc.o
 .ARM.attributes
                0x0000031d       0x33 Drivers\STM32F4xx_StdPeriph_Driver\src\stm32f4xx_spi.o
 .ARM.attributes
                0x00000350       0x33 Drivers\STM32F4xx_StdPeriph_Driver\src\stm32f4xx_tim.o
 .ARM.attributes
                0x00000383       0x33 Snake\Snake.o
 .ARM.attributes
                0x000003b6       0x33 Src\main.o
 .ARM.attributes
                0x000003e9       0x33 Src\stm32f4xx_it.o
 .ARM.attributes
                0x0000041c       0x33 Src\system_stm32f4xx.o
 .ARM.attributes
                0x0000044f       0x21 Startup\startup_stm32f429xx.o
 .ARM.attributes
                0x00000470       0x33 StateMachine\StateMachine.o
 .ARM.attributes
                0x000004a3       0x33 Utils\delay.o
 .ARM.attributes
                0x000004d6       0x1b c:/develop/gcc-arm-none-eabi-7-2017-q4-major-win32/bin/../lib/gcc/arm-none-eabi/7.2.1/../../../../arm-none-eabi/lib/thumb/v7-m\libc.a(lib_a-memcpy.o)
 .ARM.attributes
                0x000004f1       0x2d c:/develop/gcc-arm-none-eabi-7-2017-q4-major-win32/bin/../lib/gcc/arm-none-eabi/7.2.1/../../../../arm-none-eabi/lib/thumb/v7-m\libc.a(lib_a-rand.o)
 .ARM.attributes
                0x0000051e       0x1d c:/develop/gcc-arm-none-eabi-7-2017-q4-major-win32/bin/../lib/gcc/arm-none-eabi/7.2.1/thumb/v7-m\libgcc.a(_arm_addsubdf3.o)
 .ARM.attributes
                0x0000053b       0x1d c:/develop/gcc-arm-none-eabi-7-2017-q4-major-win32/bin/../lib/gcc/arm-none-eabi/7.2.1/thumb/v7-m\libgcc.a(_arm_fixunsdfsi.o)
 .ARM.attributes
                0x00000558       0x1d c:/develop/gcc-arm-none-eabi-7-2017-q4-major-win32/bin/../lib/gcc/arm-none-eabi/7.2.1/thumb/v7-m\libgcc.a(_arm_addsubsf3.o)
 .ARM.attributes
                0x00000575       0x1d c:/develop/gcc-arm-none-eabi-7-2017-q4-major-win32/bin/../lib/gcc/arm-none-eabi/7.2.1/thumb/v7-m\libgcc.a(_arm_muldivsf3.o)
 .ARM.attributes
                0x00000592       0x1d c:/develop/gcc-arm-none-eabi-7-2017-q4-major-win32/bin/../lib/gcc/arm-none-eabi/7.2.1/thumb/v7-m\libgcc.a(_arm_cmpsf2.o)
 .ARM.attributes
                0x000005af       0x1d c:/develop/gcc-arm-none-eabi-7-2017-q4-major-win32/bin/../lib/gcc/arm-none-eabi/7.2.1/thumb/v7-m/crtn.o
OUTPUT(Cube.elf elf32-littlearm)

.debug_frame    0x00000000     0x2bc4
 .debug_frame   0x00000000       0x2c c:/develop/gcc-arm-none-eabi-7-2017-q4-major-win32/bin/../lib/gcc/arm-none-eabi/7.2.1/../../../../arm-none-eabi/lib/thumb/v7-m\libc.a(lib_a-init.o)
 .debug_frame   0x0000002c       0x5c c:/develop/gcc-arm-none-eabi-7-2017-q4-major-win32/bin/../lib/gcc/arm-none-eabi/7.2.1/../../../../arm-none-eabi/lib/thumb/v7-m\libc.a(lib_a-__call_atexit.o)
 .debug_frame   0x00000088       0x20 c:/develop/gcc-arm-none-eabi-7-2017-q4-major-win32/bin/../lib/gcc/arm-none-eabi/7.2.1/../../../../arm-none-eabi/lib/thumb/v7-m\libc.a(lib_a-atexit.o)
 .debug_frame   0x000000a8       0x34 c:/develop/gcc-arm-none-eabi-7-2017-q4-major-win32/bin/../lib/gcc/arm-none-eabi/7.2.1/../../../../arm-none-eabi/lib/thumb/v7-m\libc.a(lib_a-fini.o)
 .debug_frame   0x000000dc       0xb0 c:/develop/gcc-arm-none-eabi-7-2017-q4-major-win32/bin/../lib/gcc/arm-none-eabi/7.2.1/../../../../arm-none-eabi/lib/thumb/v7-m\libc.a(lib_a-lock.o)
 .debug_frame   0x0000018c       0x34 c:/develop/gcc-arm-none-eabi-7-2017-q4-major-win32/bin/../lib/gcc/arm-none-eabi/7.2.1/../../../../arm-none-eabi/lib/thumb/v7-m\libc.a(lib_a-__atexit.o)
 .debug_frame   0x000001c0      0x120 Cube\Cube.o
 .debug_frame   0x000002e0       0x78 Cube\CubeHandler.o
 .debug_frame   0x00000358       0x34 Demo\demo.o
 .debug_frame   0x0000038c      0x288 Drivers\Controller\nes.o
 .debug_frame   0x00000614       0x54 Drivers\SPI\SPI1-Cubehandler.o
 .debug_frame   0x00000668       0xd8 Drivers\STM32F4xx_StdPeriph_Driver\src\misc.o
 .debug_frame   0x00000740      0x23c Drivers\STM32F4xx_StdPeriph_Driver\src\stm32f4xx_gpio.o
 .debug_frame   0x0000097c      0x83c Drivers\STM32F4xx_StdPeriph_Driver\src\stm32f4xx_rcc.o
 .debug_frame   0x000011b8      0x3f4 Drivers\STM32F4xx_StdPeriph_Driver\src\stm32f4xx_spi.o
 .debug_frame   0x000015ac      0xe54 Drivers\STM32F4xx_StdPeriph_Driver\src\stm32f4xx_tim.o
 .debug_frame   0x00002400      0x208 Snake\Snake.o
 .debug_frame   0x00002608       0x7c Src\main.o
 .debug_frame   0x00002684      0x164 Src\stm32f4xx_it.o
 .debug_frame   0x000027e8       0x7c Src\system_stm32f4xx.o
 .debug_frame   0x00002864       0xd0 StateMachine\StateMachine.o
 .debug_frame   0x00002934       0x38 Utils\delay.o
 .debug_frame   0x0000296c       0x3c c:/develop/gcc-arm-none-eabi-7-2017-q4-major-win32/bin/../lib/gcc/arm-none-eabi/7.2.1/../../../../arm-none-eabi/lib/thumb/v7-m\libc.a(lib_a-rand.o)
 .debug_frame   0x000029a8       0xac c:/develop/gcc-arm-none-eabi-7-2017-q4-major-win32/bin/../lib/gcc/arm-none-eabi/7.2.1/thumb/v7-m\libgcc.a(_arm_addsubdf3.o)
 .debug_frame   0x00002a54       0x24 c:/develop/gcc-arm-none-eabi-7-2017-q4-major-win32/bin/../lib/gcc/arm-none-eabi/7.2.1/thumb/v7-m\libgcc.a(_arm_fixunsdfsi.o)
 .debug_frame   0x00002a78       0x4c c:/develop/gcc-arm-none-eabi-7-2017-q4-major-win32/bin/../lib/gcc/arm-none-eabi/7.2.1/thumb/v7-m\libgcc.a(_arm_addsubsf3.o)
 .debug_frame   0x00002ac4       0x38 c:/develop/gcc-arm-none-eabi-7-2017-q4-major-win32/bin/../lib/gcc/arm-none-eabi/7.2.1/thumb/v7-m\libgcc.a(_arm_muldivsf3.o)
 .debug_frame   0x00002afc       0xc8 c:/develop/gcc-arm-none-eabi-7-2017-q4-major-win32/bin/../lib/gcc/arm-none-eabi/7.2.1/thumb/v7-m\libgcc.a(_arm_cmpsf2.o)

.debug_info     0x00000000     0xb18e
 .debug_info    0x00000000      0xcec Cube\Cube.o
 .debug_info    0x00000cec      0x8fc Cube\CubeHandler.o
 .debug_info    0x000015e8      0xc00 Demo\demo.o
 .debug_info    0x000021e8      0xe28 Drivers\Controller\nes.o
 .debug_info    0x00003010      0x475 Drivers\SPI\SPI1-Cubehandler.o
 .debug_info    0x00003485      0x54b Drivers\STM32F4xx_StdPeriph_Driver\src\misc.o
 .debug_info    0x000039d0      0x62b Drivers\STM32F4xx_StdPeriph_Driver\src\stm32f4xx_gpio.o
 .debug_info    0x00003ffb      0xe76 Drivers\STM32F4xx_StdPeriph_Driver\src\stm32f4xx_rcc.o
 .debug_info    0x00004e71      0xb4d Drivers\STM32F4xx_StdPeriph_Driver\src\stm32f4xx_spi.o
 .debug_info    0x000059be     0x1c73 Drivers\STM32F4xx_StdPeriph_Driver\src\stm32f4xx_tim.o
 .debug_info    0x00007631     0x1109 Snake\Snake.o
 .debug_info    0x0000873a     0x11af Src\main.o
 .debug_info    0x000098e9      0x469 Src\stm32f4xx_it.o
 .debug_info    0x00009d52      0x60f Src\system_stm32f4xx.o
 .debug_info    0x0000a361       0x22 Startup\startup_stm32f429xx.o
 .debug_info    0x0000a383      0xd29 StateMachine\StateMachine.o
 .debug_info    0x0000b0ac       0xe2 Utils\delay.o

.debug_abbrev   0x00000000     0x1e01
 .debug_abbrev  0x00000000      0x2d5 Cube\Cube.o
 .debug_abbrev  0x000002d5      0x183 Cube\CubeHandler.o
 .debug_abbrev  0x00000458      0x22a Demo\demo.o
 .debug_abbrev  0x00000682      0x296 Drivers\Controller\nes.o
 .debug_abbrev  0x00000918      0x12f Drivers\SPI\SPI1-Cubehandler.o
 .debug_abbrev  0x00000a47      0x177 Drivers\STM32F4xx_StdPeriph_Driver\src\misc.o
 .debug_abbrev  0x00000bbe      0x1bf Drivers\STM32F4xx_StdPeriph_Driver\src\stm32f4xx_gpio.o
 .debug_abbrev  0x00000d7d      0x1d4 Drivers\STM32F4xx_StdPeriph_Driver\src\stm32f4xx_rcc.o
 .debug_abbrev  0x00000f51      0x17f Drivers\STM32F4xx_StdPeriph_Driver\src\stm32f4xx_spi.o
 .debug_abbrev  0x000010d0      0x19f Drivers\STM32F4xx_StdPeriph_Driver\src\stm32f4xx_tim.o
 .debug_abbrev  0x0000126f      0x34a Snake\Snake.o
 .debug_abbrev  0x000015b9      0x289 Src\main.o
 .debug_abbrev  0x00001842      0x119 Src\stm32f4xx_it.o
 .debug_abbrev  0x0000195b      0x15d Src\system_stm32f4xx.o
 .debug_abbrev  0x00001ab8       0x12 Startup\startup_stm32f429xx.o
 .debug_abbrev  0x00001aca      0x2ad StateMachine\StateMachine.o
 .debug_abbrev  0x00001d77       0x8a Utils\delay.o

.debug_aranges  0x00000000      0x9b0
 .debug_aranges
                0x00000000       0x50 Cube\Cube.o
 .debug_aranges
                0x00000050       0x30 Cube\CubeHandler.o
 .debug_aranges
                0x00000080       0x20 Demo\demo.o
 .debug_aranges
                0x000000a0       0xa0 Drivers\Controller\nes.o
 .debug_aranges
                0x00000140       0x28 Drivers\SPI\SPI1-Cubehandler.o
 .debug_aranges
                0x00000168       0x40 Drivers\STM32F4xx_StdPeriph_Driver\src\misc.o
 .debug_aranges
                0x000001a8       0x88 Drivers\STM32F4xx_StdPeriph_Driver\src\stm32f4xx_gpio.o
 .debug_aranges
                0x00000230      0x1c0 Drivers\STM32F4xx_StdPeriph_Driver\src\stm32f4xx_rcc.o
 .debug_aranges
                0x000003f0       0xe0 Drivers\STM32F4xx_StdPeriph_Driver\src\stm32f4xx_spi.o
 .debug_aranges
                0x000004d0      0x2f8 Drivers\STM32F4xx_StdPeriph_Driver\src\stm32f4xx_tim.o
 .debug_aranges
                0x000007c8       0x80 Snake\Snake.o
 .debug_aranges
                0x00000848       0x30 Src\main.o
 .debug_aranges
                0x00000878       0x78 Src\stm32f4xx_it.o
 .debug_aranges
                0x000008f0       0x30 Src\system_stm32f4xx.o
 .debug_aranges
                0x00000920       0x28 Startup\startup_stm32f429xx.o
 .debug_aranges
                0x00000948       0x48 StateMachine\StateMachine.o
 .debug_aranges
                0x00000990       0x20 Utils\delay.o

.debug_ranges   0x00000000      0x8a8
 .debug_ranges  0x00000000       0x40 Cube\Cube.o
 .debug_ranges  0x00000040       0x20 Cube\CubeHandler.o
 .debug_ranges  0x00000060       0x10 Demo\demo.o
 .debug_ranges  0x00000070       0x90 Drivers\Controller\nes.o
 .debug_ranges  0x00000100       0x18 Drivers\SPI\SPI1-Cubehandler.o
 .debug_ranges  0x00000118       0x30 Drivers\STM32F4xx_StdPeriph_Driver\src\misc.o
 .debug_ranges  0x00000148       0x78 Drivers\STM32F4xx_StdPeriph_Driver\src\stm32f4xx_gpio.o
 .debug_ranges  0x000001c0      0x1b0 Drivers\STM32F4xx_StdPeriph_Driver\src\stm32f4xx_rcc.o
 .debug_ranges  0x00000370       0xd0 Drivers\STM32F4xx_StdPeriph_Driver\src\stm32f4xx_spi.o
 .debug_ranges  0x00000440      0x2e8 Drivers\STM32F4xx_StdPeriph_Driver\src\stm32f4xx_tim.o
 .debug_ranges  0x00000728       0x70 Snake\Snake.o
 .debug_ranges  0x00000798       0x20 Src\main.o
 .debug_ranges  0x000007b8       0x68 Src\stm32f4xx_it.o
 .debug_ranges  0x00000820       0x20 Src\system_stm32f4xx.o
 .debug_ranges  0x00000840       0x20 Startup\startup_stm32f429xx.o
 .debug_ranges  0x00000860       0x38 StateMachine\StateMachine.o
 .debug_ranges  0x00000898       0x10 Utils\delay.o

.debug_macro    0x00000000    0x13728
 .debug_macro   0x00000000      0x2b7 Cube\Cube.o
 .debug_macro   0x000002b7      0xa4e Cube\Cube.o
 .debug_macro   0x00000d05       0x65 Cube\Cube.o
 .debug_macro   0x00000d6a       0x3b Cube\Cube.o
 .debug_macro   0x00000da5       0x22 Cube\Cube.o
 .debug_macro   0x00000dc7       0x87 Cube\Cube.o
 .debug_macro   0x00000e4e       0x51 Cube\Cube.o
 .debug_macro   0x00000e9f       0xef Cube\Cube.o
 .debug_macro   0x00000f8e       0x6a Cube\Cube.o
 .debug_macro   0x00000ff8      0x1df Cube\Cube.o
 .debug_macro   0x000011d7       0x34 Cube\Cube.o
 .debug_macro   0x0000120b       0x26 Cube\Cube.o
 .debug_macro   0x00001231      0xe43 Cube\Cube.o
 .debug_macro   0x00002074     0x961b Cube\Cube.o
 .debug_macro   0x0000b68f       0x16 Cube\Cube.o
 .debug_macro   0x0000b6a5      0x44f Cube\Cube.o
 .debug_macro   0x0000baf4      0x3cf Cube\Cube.o
 .debug_macro   0x0000bec3      0x144 Cube\Cube.o
 .debug_macro   0x0000c007      0x188 Cube\Cube.o
 .debug_macro   0x0000c18f       0xb2 Cube\Cube.o
 .debug_macro   0x0000c241      0x149 Cube\Cube.o
 .debug_macro   0x0000c38a      0x477 Cube\Cube.o
 .debug_macro   0x0000c801       0xb5 Cube\Cube.o
 .debug_macro   0x0000c8b6      0x41c Cube\Cube.o
 .debug_macro   0x0000ccd2      0x23a Cube\Cube.o
 .debug_macro   0x0000cf0c      0x21e Cube\Cube.o
 .debug_macro   0x0000d12a      0x478 Cube\Cube.o
 .debug_macro   0x0000d5a2       0xc3 Cube\Cube.o
 .debug_macro   0x0000d665      0x2fb Cube\Cube.o
 .debug_macro   0x0000d960      0x2ba Cube\Cube.o
 .debug_macro   0x0000dc1a       0x64 Cube\Cube.o
 .debug_macro   0x0000dc7e       0xee Cube\Cube.o
 .debug_macro   0x0000dd6c      0x65f Cube\Cube.o
 .debug_macro   0x0000e3cb       0x40 Cube\Cube.o
 .debug_macro   0x0000e40b      0x59e Cube\Cube.o
 .debug_macro   0x0000e9a9      0x342 Cube\Cube.o
 .debug_macro   0x0000eceb      0x36c Cube\Cube.o
 .debug_macro   0x0000f057      0x114 Cube\Cube.o
 .debug_macro   0x0000f16b      0x73b Cube\Cube.o
 .debug_macro   0x0000f8a6      0x223 Cube\Cube.o
 .debug_macro   0x0000fac9       0x34 Cube\Cube.o
 .debug_macro   0x0000fafd       0x82 Cube\Cube.o
 .debug_macro   0x0000fb7f       0x35 Cube\Cube.o
 .debug_macro   0x0000fbb4       0x28 Cube\Cube.o
 .debug_macro   0x0000fbdc       0x58 Cube\Cube.o
 .debug_macro   0x0000fc34       0x17 Cube\Cube.o
 .debug_macro   0x0000fc4b       0x35 Cube\Cube.o
 .debug_macro   0x0000fc80       0x9c Cube\Cube.o
 .debug_macro   0x0000fd1c      0x174 Cube\Cube.o
 .debug_macro   0x0000fe90       0x58 Cube\Cube.o
 .debug_macro   0x0000fee8       0x1f Cube\Cube.o
 .debug_macro   0x0000ff07       0x43 Cube\Cube.o
 .debug_macro   0x0000ff4a       0x20 Cube\Cube.o
 .debug_macro   0x0000ff6a      0x18e Cube\Cube.o
 .debug_macro   0x000100f8      0x330 Cube\Cube.o
 .debug_macro   0x00010428       0x10 Cube\Cube.o
 .debug_macro   0x00010438       0x35 Cube\Cube.o
 .debug_macro   0x0001046d      0x1e4 Cube\CubeHandler.o
 .debug_macro   0x00010651      0x339 Demo\demo.o
 .debug_macro   0x0001098a      0x1e1 Demo\demo.o
 .debug_macro   0x00010b6b       0x10 Demo\demo.o
 .debug_macro   0x00010b7b       0x16 Demo\demo.o
 .debug_macro   0x00010b91       0x16 Demo\demo.o
 .debug_macro   0x00010ba7       0x29 Demo\demo.o
 .debug_macro   0x00010bd0      0x1e4 Drivers\Controller\nes.o
 .debug_macro   0x00010db4       0x28 Drivers\Controller\nes.o
 .debug_macro   0x00010ddc      0x1d1 Drivers\SPI\SPI1-Cubehandler.o
 .debug_macro   0x00010fad      0x1d7 Drivers\STM32F4xx_StdPeriph_Driver\src\misc.o
 .debug_macro   0x00011184       0x7c Drivers\STM32F4xx_StdPeriph_Driver\src\misc.o
 .debug_macro   0x00011200      0x1d1 Drivers\STM32F4xx_StdPeriph_Driver\src\stm32f4xx_gpio.o
 .debug_macro   0x000113d1      0x2f5 Drivers\STM32F4xx_StdPeriph_Driver\src\stm32f4xx_gpio.o
 .debug_macro   0x000116c6      0x2a4 Drivers\STM32F4xx_StdPeriph_Driver\src\stm32f4xx_rcc.o
 .debug_macro   0x0001196a      0x1fc Drivers\STM32F4xx_StdPeriph_Driver\src\stm32f4xx_spi.o
 .debug_macro   0x00011b66      0x366 Drivers\STM32F4xx_StdPeriph_Driver\src\stm32f4xx_spi.o
 .debug_macro   0x00011ecc      0x1fb Drivers\STM32F4xx_StdPeriph_Driver\src\stm32f4xx_tim.o
 .debug_macro   0x000120c7      0x735 Drivers\STM32F4xx_StdPeriph_Driver\src\stm32f4xx_tim.o
 .debug_macro   0x000127fc      0x339 Snake\Snake.o
 .debug_macro   0x00012b35      0x32d Src\main.o
 .debug_macro   0x00012e62      0x206 Src\stm32f4xx_it.o
 .debug_macro   0x00013068      0x1ea Src\system_stm32f4xx.o
 .debug_macro   0x00013252      0x305 StateMachine\StateMachine.o
 .debug_macro   0x00013557      0x1d1 Utils\delay.o

.debug_line     0x00000000     0x866f
 .debug_line    0x00000000      0x87a Cube\Cube.o
 .debug_line    0x0000087a      0x6a8 Cube\CubeHandler.o
 .debug_line    0x00000f22      0x8c9 Demo\demo.o
 .debug_line    0x000017eb      0x84e Drivers\Controller\nes.o
 .debug_line    0x00002039      0x5d6 Drivers\SPI\SPI1-Cubehandler.o
 .debug_line    0x0000260f      0x604 Drivers\STM32F4xx_StdPeriph_Driver\src\misc.o
 .debug_line    0x00002c13      0x72a Drivers\STM32F4xx_StdPeriph_Driver\src\stm32f4xx_gpio.o
 .debug_line    0x0000333d      0xa1e Drivers\STM32F4xx_StdPeriph_Driver\src\stm32f4xx_rcc.o
 .debug_line    0x00003d5b      0x82f Drivers\STM32F4xx_StdPeriph_Driver\src\stm32f4xx_spi.o
 .debug_line    0x0000458a      0xe7c Drivers\STM32F4xx_StdPeriph_Driver\src\stm32f4xx_tim.o
 .debug_line    0x00005406      0xb3d Snake\Snake.o
 .debug_line    0x00005f43      0x9fe Src\main.o
 .debug_line    0x00006941      0x7b7 Src\stm32f4xx_it.o
 .debug_line    0x000070f8      0x600 Src\system_stm32f4xx.o
 .debug_line    0x000076f8       0x7f Startup\startup_stm32f429xx.o
 .debug_line    0x00007777      0x963 StateMachine\StateMachine.o
 .debug_line    0x000080da      0x595 Utils\delay.o

.debug_str      0x00000000    0x6b98e
 .debug_str     0x00000000    0x67ec7 Cube\Cube.o
                              0x681cb (size before relaxing)
 .debug_str     0x00067ec7      0x86e Cube\CubeHandler.o
                              0x658b2 (size before relaxing)
 .debug_str     0x00068735      0xa56 Demo\demo.o
                              0x68bca (size before relaxing)
 .debug_str     0x0006918b      0x420 Drivers\Controller\nes.o
                              0x65ce2 (size before relaxing)
 .debug_str     0x000695ab       0x45 Drivers\SPI\SPI1-Cubehandler.o
                              0x65295 (size before relaxing)
 .debug_str     0x000695f0      0x1c9 Drivers\STM32F4xx_StdPeriph_Driver\src\misc.o
                              0x651f5 (size before relaxing)
 .debug_str     0x000697b9      0x199 Drivers\STM32F4xx_StdPeriph_Driver\src\stm32f4xx_gpio.o
                              0x6529d (size before relaxing)
 .debug_str     0x00069952      0xd72 Drivers\STM32F4xx_StdPeriph_Driver\src\stm32f4xx_rcc.o
                              0x65db2 (size before relaxing)
 .debug_str     0x0006a6c4      0x32b Drivers\STM32F4xx_StdPeriph_Driver\src\stm32f4xx_spi.o
                              0x65586 (size before relaxing)
 .debug_str     0x0006a9ef      0xb27 Drivers\STM32F4xx_StdPeriph_Driver\src\stm32f4xx_tim.o
                              0x65c94 (size before relaxing)
 .debug_str     0x0006b516      0x17b Snake\Snake.o
                              0x68daf (size before relaxing)
 .debug_str     0x0006b691       0x43 Src\main.o
                              0x69167 (size before relaxing)
 .debug_str     0x0006b6d4      0x102 Src\stm32f4xx_it.o
                              0x65284 (size before relaxing)
 .debug_str     0x0006b7d6       0xc6 Src\system_stm32f4xx.o
                              0x651dd (size before relaxing)
 .debug_str     0x0006b89c       0x30 Startup\startup_stm32f429xx.o
                                 0x58 (size before relaxing)
 .debug_str     0x0006b8cc       0xa7 StateMachine\StateMachine.o
                              0x68bf2 (size before relaxing)
 .debug_str     0x0006b973       0x1b Utils\delay.o
                              0x64f80 (size before relaxing)

.comment        0x00000000       0x7e
 .comment       0x00000000       0x7e Cube\Cube.o
                                 0x7f (size before relaxing)
 .comment       0x0000007e       0x7f Cube\CubeHandler.o
 .comment       0x0000007e       0x7f Demo\demo.o
 .comment       0x0000007e       0x7f Drivers\Controller\nes.o
 .comment       0x0000007e       0x7f Drivers\SPI\SPI1-Cubehandler.o
 .comment       0x0000007e       0x7f Drivers\STM32F4xx_StdPeriph_Driver\src\misc.o
 .comment       0x0000007e       0x7f Drivers\STM32F4xx_StdPeriph_Driver\src\stm32f4xx_gpio.o
 .comment       0x0000007e       0x7f Drivers\STM32F4xx_StdPeriph_Driver\src\stm32f4xx_rcc.o
 .comment       0x0000007e       0x7f Drivers\STM32F4xx_StdPeriph_Driver\src\stm32f4xx_spi.o
 .comment       0x0000007e       0x7f Drivers\STM32F4xx_StdPeriph_Driver\src\stm32f4xx_tim.o
 .comment       0x0000007e       0x7f Snake\Snake.o
 .comment       0x0000007e       0x7f Src\main.o
 .comment       0x0000007e       0x7f Src\stm32f4xx_it.o
 .comment       0x0000007e       0x7f Src\system_stm32f4xx.o
 .comment       0x0000007e       0x7f StateMachine\StateMachine.o
 .comment       0x0000007e       0x7f Utils\delay.o
